;;/**/;;;

* example of one-line comment \n '\''n' '\n' "\n" \\n
$ENTRY
*lksjf
GO {
    e.any, e.any: e.t = <N_-w"h" ""> <K>;
};;;;;; $EXTERN 
*
/**/ff/**/, K, ff, f;;;
;;
;F {=;};;;;;;;;;

N_-w { 
*khjkjh
    'h'= <Prout 'h'>;
    t.any 
    e.any= /*smth*/<Prout 
*alksjdklas
/*kajhsdjksh*/'hello' "\""> <Mu /*Prout*/Prout's' <Mu '+' 1 1><Mu Add 1 1>><Mu F ''><+ 1 1>
}K{ = <Prout 'hello' <Lower 'jdhfkjsfh123123'> <Upper 'jdhfkjsfh12-3123'>> }
/* 
    ///* ///"

*/